// Jest Snapshot v1, https://goo.gl/fbAQLP

exports[`HomeView renders a default view 1`] = `
<div
  class="home-page-content"
>
  <h1
    class="ant-typography home-page-title"
  >
    Welcome to Digital Terrain
  </h1>
  <div
    class="ant-space ant-space-vertical"
  >
    <div
      class="ant-space-item"
      style="margin-bottom:8px"
    >
      <span
        class="ant-typography home-page-subtitle"
      >
        Digital Terrain is a SMP server inspired by Hermitcraft. The server is based on a great community, trust,          and fun. We aspire to have a playerbase of all play styles that work together in harmony to build great          things and have an awesome time. The server is owned by 
        <button
          class="home-page-link-button"
          id="pandaLink"
          type="button"
        >
          Panda_Brah
        </button>
         and 
        <button
          class="home-page-link-button"
          id="dmLink"
          type="button"
        >
          DMDF_
        </button>
        . Alongside them we have a team of mods who help make sure everything is running smoothly.
      </span>
    </div>
    <div
      class="ant-space-item"
    >
      <span
        class="ant-typography home-page-subtitle"
      >
        Be sure to checkout our 
        <button
          class="home-page-link-button"
          id="galleryLink"
          type="button"
        >
          gallery
        </button>
         and 
        <button
          class="home-page-link-button"
          id="mapLink"
          type="button"
        >
          map
        </button>
         to get a feel for the server; hopefully you'll find it's a good place for you!          If you decide to, you can 
        <button
          class="home-page-link-button"
          id="applyLink"
          type="button"
        >
          apply here
        </button>
         to be a part of our server. Hope to play with you soon!
      </span>
    </div>
  </div>
  <div
    class="ant-carousel"
  >
    <div
      class="slick-slider home-page-carousel slick-initialized"
    >
      <div
        class="slick-list"
      >
        <div
          class="slick-track"
          style="width:0%;left:NaN%"
        />
      </div>
    </div>
  </div>
</div>
`;
