// Jest Snapshot v1, https://goo.gl/fbAQLP

exports[`GalleryView renders a default view 1`] = `
<div>
  Gallery Page
</div>
`;
