// Jest Snapshot v1, https://goo.gl/fbAQLP

exports[`RulesView renders a default view 1`] = `
<div>
  Rules Page
</div>
`;
