// Jest Snapshot v1, https://goo.gl/fbAQLP

exports[`ServerInformationContainer renders a default view 1`] = `
<div>
  Server Information Page
</div>
`;
