// Jest Snapshot v1, https://goo.gl/fbAQLP

exports[`ImagePopup renders a default view 1`] = `null`;
