// Jest Snapshot v1, https://goo.gl/fbAQLP

exports[`ApplyView Renders a default view 1`] = `
<div>
  Apply Page
</div>
`;
