// Jest Snapshot v1, https://goo.gl/fbAQLP

exports[`DigitalTerrainWebContainer renders a default component 1`] = `
<section
  class="ant-layout web-view-layout"
>
  <header
    class="ant-layout-header web-view-layout-header"
  >
    <div>
      <ul
        class="ant-menu header-menu ant-menu-light ant-menu-root ant-menu-horizontal"
        role="menu"
      >
        <li
          class="ant-menu-submenu ant-menu-submenu-horizontal ant-menu-overflowed-submenu"
          role="menuitem"
          style="display:none"
        >
          <div
            aria-expanded="false"
            aria-haspopup="true"
            class="ant-menu-submenu-title"
            role="button"
          >
            <span>
              ···
            </span>
            <i
              class="ant-menu-submenu-arrow"
            />
          </div>
        </li>
        <li
          aria-disabled="true"
          class="ant-menu-item header-icon-menu-item ant-menu-item-only-child ant-menu-item-disabled"
          role="menuitem"
        >
          <img
            alt="loading..."
            class="header-icon"
            src="test-file-stub"
          />
          <span />
        </li>
        <li
          class="ant-menu-submenu ant-menu-submenu-horizontal ant-menu-overflowed-submenu"
          role="menuitem"
          style="display:none"
        >
          <div
            aria-expanded="false"
            aria-haspopup="true"
            class="ant-menu-submenu-title"
            role="button"
          >
            <span>
              ···
            </span>
            <i
              class="ant-menu-submenu-arrow"
            />
          </div>
        </li>
        <li
          class="ant-menu-item header-title header-non-highlighted-menu-item ant-menu-item-only-child"
          role="menuitem"
        >
          Digital Terrain
        </li>
        <li
          class="ant-menu-submenu ant-menu-submenu-horizontal ant-menu-overflowed-submenu"
          role="menuitem"
          style="display:none"
        >
          <div
            aria-expanded="false"
            aria-haspopup="true"
            class="ant-menu-submenu-title"
            role="button"
          >
            <span>
              ···
            </span>
            <i
              class="ant-menu-submenu-arrow"
            />
          </div>
        </li>
        <li
          class="ant-menu-item ant-menu-item-only-child ant-menu-item-selected"
          role="menuitem"
        >
          Home
        </li>
        <li
          class="ant-menu-submenu ant-menu-submenu-horizontal ant-menu-overflowed-submenu"
          role="menuitem"
          style="display:none"
        >
          <div
            aria-expanded="false"
            aria-haspopup="true"
            class="ant-menu-submenu-title"
            role="button"
          >
            <span>
              ···
            </span>
            <i
              class="ant-menu-submenu-arrow"
            />
          </div>
        </li>
        <li
          class="ant-menu-item ant-menu-item-only-child"
          role="menuitem"
        >
          Gallery
        </li>
        <li
          class="ant-menu-submenu ant-menu-submenu-horizontal ant-menu-overflowed-submenu"
          role="menuitem"
          style="display:none"
        >
          <div
            aria-expanded="false"
            aria-haspopup="true"
            class="ant-menu-submenu-title"
            role="button"
          >
            <span>
              ···
            </span>
            <i
              class="ant-menu-submenu-arrow"
            />
          </div>
        </li>
        <li
          class="ant-menu-item ant-menu-item-only-child"
          role="menuitem"
        >
          Map
        </li>
        <li
          class="ant-menu-submenu ant-menu-submenu-horizontal ant-menu-overflowed-submenu"
          role="menuitem"
          style="display:none"
        >
          <div
            aria-expanded="false"
            aria-haspopup="true"
            class="ant-menu-submenu-title"
            role="button"
          >
            <span>
              ···
            </span>
            <i
              class="ant-menu-submenu-arrow"
            />
          </div>
        </li>
        <li
          class="ant-menu-item ant-menu-item-only-child"
          role="menuitem"
        >
          Rules
        </li>
        <li
          class="ant-menu-submenu ant-menu-submenu-horizontal ant-menu-overflowed-submenu"
          role="menuitem"
          style="display:none"
        >
          <div
            aria-expanded="false"
            aria-haspopup="true"
            class="ant-menu-submenu-title"
            role="button"
          >
            <span>
              ···
            </span>
            <i
              class="ant-menu-submenu-arrow"
            />
          </div>
        </li>
        <li
          class="ant-menu-item ant-menu-item-only-child"
          role="menuitem"
        >
          Server Information
        </li>
        <li
          class="ant-menu-submenu ant-menu-submenu-horizontal ant-menu-overflowed-submenu"
          role="menuitem"
          style="display:none"
        >
          <div
            aria-expanded="false"
            aria-haspopup="true"
            class="ant-menu-submenu-title"
            role="button"
          >
            <span>
              ···
            </span>
            <i
              class="ant-menu-submenu-arrow"
            />
          </div>
        </li>
        <li
          class="ant-menu-item ant-menu-item-only-child"
          role="menuitem"
        >
          Apply
        </li>
        <li
          class="ant-menu-submenu ant-menu-submenu-horizontal ant-menu-overflowed-submenu"
          role="menuitem"
          style="display:none"
        >
          <div
            aria-expanded="false"
            aria-haspopup="true"
            class="ant-menu-submenu-title"
            role="button"
          >
            <span>
              ···
            </span>
            <i
              class="ant-menu-submenu-arrow"
            />
          </div>
        </li>
        <li
          class="ant-menu-item ant-menu-item-only-child"
          role="menuitem"
        >
          About us
        </li>
        <li
          class="ant-menu-submenu ant-menu-submenu-horizontal ant-menu-overflowed-submenu"
          role="menuitem"
          style="display:none"
        >
          <div
            aria-expanded="false"
            aria-haspopup="true"
            class="ant-menu-submenu-title"
            role="button"
          >
            <span>
              ···
            </span>
            <i
              class="ant-menu-submenu-arrow"
            />
          </div>
        </li>
        <li
          class="ant-menu-item ant-menu-item-only-child"
          role="menuitem"
        >
          <a
            href="https://discord.com/api/oauth2/authorize?client_id=693123471210709072&redirect_uri=http%3A%2F%2Flocalhost%3A3000%2Floggedin&response_type=code&scope=identify%20guilds"
          >
            Login
          </a>
        </li>
        <li
          class="ant-menu-submenu ant-menu-submenu-horizontal ant-menu-overflowed-submenu"
          role="menuitem"
          style="visibility:hidden;position:absolute"
        >
          <div
            aria-expanded="false"
            aria-haspopup="true"
            class="ant-menu-submenu-title"
            role="button"
          >
            <span>
              ···
            </span>
            <i
              class="ant-menu-submenu-arrow"
            />
          </div>
        </li>
      </ul>
    </div>
  </header>
  <main
    class="ant-layout-content web-view-layout-content"
  >
    <div
      class="home-page-content"
    >
      <h1
        class="ant-typography home-page-title"
      >
        Welcome to Digital Terrain
      </h1>
      <div
        class="ant-space ant-space-vertical"
      >
        <div
          class="ant-space-item"
          style="margin-bottom:8px"
        >
          <span
            class="ant-typography home-page-subtitle"
          >
            Digital Terrain is a SMP server inspired by Hermitcraft. The server is based on a great community, trust,          and fun. We aspire to have a playerbase of all play styles that work together in harmony to build great          things and have an awesome time. The server is owned by 
            <button
              class="home-page-link-button"
              id="pandaLink"
              type="button"
            >
              Panda_Brah
            </button>
             and 
            <button
              class="home-page-link-button"
              id="dmLink"
              type="button"
            >
              DMDF_
            </button>
            . Alongside them we have a team of mods who help make sure everything is running smoothly.
          </span>
        </div>
        <div
          class="ant-space-item"
        >
          <span
            class="ant-typography home-page-subtitle"
          >
            Be sure to checkout our 
            <button
              class="home-page-link-button"
              id="galleryLink"
              type="button"
            >
              gallery
            </button>
             and 
            <button
              class="home-page-link-button"
              id="mapLink"
              type="button"
            >
              map
            </button>
             to get a feel for the server; hopefully you'll find it's a good place for you!          If you decide to, you can 
            <button
              class="home-page-link-button"
              id="applyLink"
              type="button"
            >
              apply here
            </button>
             to be a part of our server. Hope to play with you soon!
          </span>
        </div>
      </div>
      <div
        class="ant-carousel"
      >
        <div
          class="slick-slider home-page-carousel slick-initialized"
        >
          <div
            class="slick-list"
          >
            <div
              class="slick-track"
              style="width:0%;left:NaN%"
            />
          </div>
        </div>
      </div>
    </div>
  </main>
  <footer
    class="ant-layout-footer"
  >
    © 2020 Copyright Digital Terrain
  </footer>
</section>
`;
